[2026-02-08 12:46:32] [ALERT] Telnet detected from 192.168.1.240
[2026-02-08 12:46:32] [CRITICAL] 192.168.1.240 | Risk Score: 9 | Events: ['TELNET', 'PORT_SCAN']
[2026-02-08 12:46:33] [ALERT] Telnet detected from 192.168.1.240
[2026-02-08 12:46:33] [CRITICAL] 192.168.1.240 | Risk Score: 14 | Events: ['TELNET', 'PORT_SCAN', 'TELNET']
[2026-02-08 12:46:33] [CRITICAL] 192.168.1.240 | Risk Score: 18 | Events: ['TELNET', 'PORT_SCAN', 'TELNET', 'PORT_SCAN']
[2026-02-08 12:46:34] [ALERT] Telnet detected from 192.168.1.240
[2026-02-08 12:46:34] [CRITICAL] 192.168.1.240 | Risk Score: 23 | Events: ['TELNET', 'PORT_SCAN', 'TELNET', 'PORT_SCAN', 'TELNET']
[2026-02-08 12:46:34] [CRITICAL] 192.168.1.240 | Risk Score: 27 | Events: ['TELNET', 'PORT_SCAN', 'TELNET', 'PORT_SCAN', 'TELNET', 'PORT_SCAN']
[2026-02-08 12:46:35] [ALERT] Telnet detected from 192.168.1.240
[2026-02-08 12:46:35] [CRITICAL] 192.168.1.240 | Risk Score: 32 | Events: ['TELNET', 'PORT_SCAN', 'TELNET', 'PORT_SCAN', 'TELNET', 'PORT_SCAN', 'TELNET']
[2026-02-08 12:46:36] [ALERT] Telnet detected from 192.168.1.240
[2026-02-08 12:46:36] [CRITICAL] 192.168.1.240 | Risk Score: 37 | Events: ['TELNET', 'PORT_SCAN', 'TELNET', 'PORT_SCAN', 'TELNET', 'PORT_SCAN', 'TELNET', 'TELNET']
[2026-02-08 12:46:37] [ALERT] Telnet detected from 192.168.1.240
[2026-02-08 12:46:37] [CRITICAL] 192.168.1.240 | Risk Score: 42 | Events: ['TELNET', 'PORT_SCAN', 'TELNET', 'PORT_SCAN', 'TELNET', 'PORT_SCAN', 'TELNET', 'TELNET', 'TELNET']
[2026-02-08 12:46:39] [ALERT] Telnet detected from 192.168.1.240
[2026-02-08 12:46:39] [CRITICAL] 192.168.1.240 | Risk Score: 47 | Events: ['TELNET', 'PORT_SCAN', 'TELNET', 'PORT_SCAN', 'TELNET', 'PORT_SCAN', 'TELNET', 'TELNET', 'TELNET', 'TELNET']
[2026-02-08 12:46:45] [ALERT] Telnet detected from 192.168.1.240
[2026-02-08 12:46:45] [CRITICAL] 192.168.1.240 | Risk Score: 52 | Events: ['TELNET', 'PORT_SCAN', 'TELNET', 'PORT_SCAN', 'TELNET', 'PORT_SCAN', 'TELNET', 'TELNET', 'TELNET', 'TELNET', 'TELNET']
[2026-02-08 12:46:45] [ALERT] Telnet detected from 192.168.1.240
[2026-02-08 12:46:45] [CRITICAL] 192.168.1.240 | Risk Score: 57 | Events: ['TELNET', 'PORT_SCAN', 'TELNET', 'PORT_SCAN', 'TELNET', 'PORT_SCAN', 'TELNET', 'TELNET', 'TELNET', 'TELNET', 'TELNET', 'TELNET']
[2026-02-08 12:46:45] [ALERT] Telnet detected from 192.168.1.240
[2026-02-08 12:46:45] [CRITICAL] 192.168.1.240 | Risk Score: 62 | Events: ['TELNET', 'PORT_SCAN', 'TELNET', 'PORT_SCAN', 'TELNET', 'PORT_SCAN', 'TELNET', 'TELNET', 'TELNET', 'TELNET', 'TELNET', 'TELNET', 'TELNET']
[2026-02-08 12:46:45] [ALERT] Telnet detected from 192.168.1.240
[2026-02-08 12:46:45] [CRITICAL] 192.168.1.240 | Risk Score: 67 | Events: ['TELNET', 'PORT_SCAN', 'TELNET', 'PORT_SCAN', 'TELNET', 'PORT_SCAN', 'TELNET', 'TELNET', 'TELNET', 'TELNET', 'TELNET', 'TELNET', 'TELNET', 'TELNET']
[2026-02-08 12:46:45] [ALERT] Telnet detected from 192.168.1.240
[2026-02-08 12:46:45] [CRITICAL] 192.168.1.240 | Risk Score: 72 | Events: ['TELNET', 'PORT_SCAN', 'TELNET', 'PORT_SCAN', 'TELNET', 'PORT_SCAN', 'TELNET', 'TELNET', 'TELNET', 'TELNET', 'TELNET', 'TELNET', 'TELNET', 'TELNET', 'TELNET']
[2026-02-08 12:46:45] [ALERT] Telnet detected from 192.168.1.240
[2026-02-08 12:46:45] [CRITICAL] 192.168.1.240 | Risk Score: 77 | Events: ['TELNET', 'PORT_SCAN', 'TELNET', 'PORT_SCAN', 'TELNET', 'PORT_SCAN', 'TELNET', 'TELNET', 'TELNET', 'TELNET', 'TELNET', 'TELNET', 'TELNET', 'TELNET', 'TELNET', 'TELNET']
[2026-02-08 12:46:45] [ALERT] Telnet detected from 192.168.1.240
[2026-02-08 12:46:45] [CRITICAL] 192.168.1.240 | Risk Score: 82 | Events: ['TELNET', 'PORT_SCAN', 'TELNET', 'PORT_SCAN', 'TELNET', 'PORT_SCAN', 'TELNET', 'TELNET', 'TELNET', 'TELNET', 'TELNET', 'TELNET', 'TELNET', 'TELNET', 'TELNET', 'TELNET', 'TELNET']
[2026-02-08 12:46:45] [ALERT] Telnet detected from 192.168.1.240
[2026-02-08 12:46:45] [CRITICAL] 192.168.1.240 | Risk Score: 87 | Events: ['TELNET', 'PORT_SCAN', 'TELNET', 'PORT_SCAN', 'TELNET', 'PORT_SCAN', 'TELNET', 'TELNET', 'TELNET', 'TELNET', 'TELNET', 'TELNET', 'TELNET', 'TELNET', 'TELNET', 'TELNET', 'TELNET', 'TELNET']
[2026-02-08 12:46:45] [ALERT] Telnet detected from 192.168.1.240
[2026-02-08 12:46:45] [CRITICAL] 192.168.1.240 | Risk Score: 92 | Events: ['TELNET', 'PORT_SCAN', 'TELNET', 'PORT_SCAN', 'TELNET', 'PORT_SCAN', 'TELNET', 'TELNET', 'TELNET', 'TELNET', 'TELNET', 'TELNET', 'TELNET', 'TELNET', 'TELNET', 'TELNET', 'TELNET', 'TELNET', 'TELNET']

